[chemical.ai/index.html]
[backblue.gif]
[fade.gif]
[index.html]
[www-static.chemicalai.cn/css/bootstrap.min.css_; filename_=utf-8''bootstrap.min.css]
[www-static.chemicalai.cn/css/animate.min.css_; filename_=utf-8''animate.min.css]
[www-static.chemicalai.cn/css/all.min.css_; filename_=utf-8''all.min.css]
[www-static.chemicalai.cn/css/slicknav.min.css_; filename_=utf-8''slicknav.min.css]
[www-static.chemicalai.cn/css/slick-theme.css_; filename_=utf-8''slick-theme.css]
[www-static.chemicalai.cn/css/slick.css_; filename_=utf-8''slick.css]
[www-static.chemicalai.cn/css/lity.min.css_; filename_=utf-8''lity.min.css]
[www-static.chemicalai.cn/css/flaticon.css_; filename_=utf-8''flaticon.css]
[www-static.chemicalai.cn/css/video-js-cdn.css_; filename_=utf-8''video-js-cdn.css]
[www-static.chemicalai.cn/css/nice-select.css_; filename_=utf-8''nice-select.css]
[www-static.chemicalai.cn/css/message.css_; filename_=utf-8''message.css]
[www-static.chemicalai.cn/css/owl.carousel.min.css_; filename_=utf-8''owl.carousel.min.css]
[chemical.ai/css/style.css]
[chemical.ai/index-2.html]
[www-static.chemicalai.cn/assets/images/moles.png_; filename_=utf-8''moles.png]
[chemical.ai/publicity/index.html]
[chemical.ai/news07.html]
[www-static.chemicalai.cn/assets/images/product-img.png_; filename_=utf-8''product-img.png]
[www-static.chemicalai.cn/assets/images/laptop.png_; filename_=utf-8''laptop.png]
[www-static.chemicalai.cn/assets/images/FastSearch.png_; filename_=utf-8''FastSearch.png]
[www-static.chemicalai.cn/assets/images/Interactiveroute.png_; filename_=utf-8''Interactiveroute.png]
[www-static.chemicalai.cn/assets/images/about-img.png_; filename_=utf-8''about-img.png]
[www-static.chemicalai.cn/assets/images/faq-img.png_; filename_=utf-8''faq-img.png]
[www-static.chemicalai.cn/assets/images/news11-big.png_; filename_=utf-8''news11-big.png]
[chemical.ai/news11.html]
[www-static.chemicalai.cn/assets/images/news10-big.png_; filename_=utf-8''news10-big.png]
[chemical.ai/news10.html]
[www-static.chemicalai.cn/assets/images/news09-big.jpg_; filename_=utf-8''news09-big.jpg]
[chemical.ai/news09.html]
[www-static.chemicalai.cn/assets/images/news08-big.jpg_; filename_=utf-8''news08-big.jpg]
[chemical.ai/news08.html]
[www-static.chemicalai.cn/assets/images/news07-big.png_; filename_=utf-8''news07-big.png]
[www-static.chemicalai.cn/assets/images/news06-big.png_; filename_=utf-8''news06-big.png]
[chemical.ai/news05.html]
[www-static.chemicalai.cn/assets/images/news05.png_; filename_=utf-8''news05.png]
[www-static.chemicalai.cn/assets/images/news04-big.png_; filename_=utf-8''news04-big.png]
[chemical.ai/news04.html]
[www-static.chemicalai.cn/assets/images/news03.png_; filename_=utf-8''news03.png]
[chemical.ai/news03.html]
[www-static.chemicalai.cn/assets/images/news01.png_; filename_=utf-8''news01.png]
[chemical.ai/news01.html]
[www-static.chemicalai.cn/assets/images/news02.png_; filename_=utf-8''news02.png]
[chemical.ai/news02.html]
[www-static.chemicalai.cn/assets/images/contact-img.png_; filename_=utf-8''contact-img.png]
[chemical.ai/service.html]
[www-static.chemicalai.cn/assets/images/scroll-top.gif_; filename_=utf-8''scroll-top.gif]
[www-static.chemicalai.cn/assets/images/close.png_; filename_=utf-8''close.png]
[www-static.chemicalai.cn/js/jquery.2.1.4.js_; filename_=utf-8''jquery.2.1.4.js]
[www-static.chemicalai.cn/js/bootstrap.min.js_; filename_=utf-8''bootstrap.min.js]
[www-static.chemicalai.cn/js/popper.min.js_; filename_=utf-8''popper.min.js]
[www-static.chemicalai.cn/js/jquery.slicknav.min.js_; filename_=utf-8''jquery.slicknav.min.js]
[www-static.chemicalai.cn/js/slick.min.js_; filename_=utf-8''slick.min.js]
[www-static.chemicalai.cn/js/waypoints.min.js_; filename_=utf-8''waypoints.min.js]
[www-static.chemicalai.cn/js/jquery.counterup.min.js_; filename_=utf-8''jquery.counterup.min.js]
[www-static.chemicalai.cn/js/lity.min.js_; filename_=utf-8''lity.min.js]
[www-static.chemicalai.cn/js/video.min.js_; filename_=utf-8''video.min.js]
[www-static.chemicalai.cn/js/jquery.nice-select.min.js_; filename_=utf-8''jquery.nice-select.min.js]
[www-static.chemicalai.cn/js/message.min.js_; filename_=utf-8''message.min.js]
[www-static.chemicalai.cn/js/owl.carousel.min.js_; filename_=utf-8''owl.carousel.min.js]
[www-static.chemicalai.cn/js/axios.min.js_; filename_=utf-8''axios.min.js]
[chemical.ai/js/http.js]
[chemical.ai/index.html]
[www-static.chemicalai.cn/css/bootstrap.min.css_; filename_=utf-8''bootstrap.min.css]
[www-static.chemicalai.cn/css/animate.min.css_; filename_=utf-8''animate.min.css]
[www-static.chemicalai.cn/css/all.min.css_; filename_=utf-8''all.min.css]
[www-static.chemicalai.cn/css/slicknav.min.css_; filename_=utf-8''slicknav.min.css]
[chemical.ai/js/main.js]
[www-static.chemicalai.cn/assets/images/ajax-loader.gif_; filename_=utf-8''ajax-loader.gif]
[www-static.chemicalai.cn/css/slick-theme.css_; filename_=utf-8''slick-theme.css]
[www-static.chemicalai.cn/css/slick.css_; filename_=utf-8''slick.css]
[www-static.chemicalai.cn/css/lity.min.css_; filename_=utf-8''lity.min.css]
[www-static.chemicalai.cn/css/flaticon.css_; filename_=utf-8''flaticon.css]
[www-static.chemicalai.cn/css/video-js-cdn.css_; filename_=utf-8''video-js-cdn.css]
[www-static.chemicalai.cn/css/nice-select.css_; filename_=utf-8''nice-select.css]
[www-static.chemicalai.cn/css/message.css_; filename_=utf-8''message.css]
[www-static.chemicalai.cn/css/owl.carousel.min.css_; filename_=utf-8''owl.carousel.min.css]
[www-static.chemicalai.cn/assets/images/slider-bg.png_; filename_=utf-8''slider-bg.png]
[www-static.chemicalai.cn/assets/images/slider-bg2.png_; filename_=utf-8''slider-bg2.png]
[www-static.chemicalai.cn/assets/images/slider-bg3.png_; filename_=utf-8''slider-bg3.png]
[www-static.chemicalai.cn/assets/images/feature-bg.png_; filename_=utf-8''feature-bg.png]
[www-static.chemicalai.cn/assets/images/service-bg.png_; filename_=utf-8''service-bg.png]
[www-static.chemicalai.cn/assets/images/about-bg.png_; filename_=utf-8''about-bg.png]
[www-static.chemicalai.cn/assets/images/testimonial-bg.png_; filename_=utf-8''testimonial-bg.png]
[www-static.chemicalai.cn/assets/images/fun-fact-bg.png_; filename_=utf-8''fun-fact-bg.png]
[www-static.chemicalai.cn/assets/images/swiper-left.png_; filename_=utf-8''swiper-left.png]
[www-static.chemicalai.cn/assets/images/swiper-right.png_; filename_=utf-8''swiper-right.png]
[www-static.chemicalai.cn/assets/images/contact-bg.png_; filename_=utf-8''contact-bg.png]
[www-static.chemicalai.cn/assets/images/footer-bg.png_; filename_=utf-8''footer-bg.png]
[www-static.chemicalai.cn/assets/images/blog-header-bg.png_; filename_=utf-8''blog-header-bg.png]
[www-static.chemicalai.cn/assets/images/footer-bg-2.png_; filename_=utf-8''footer-bg-2.png]
[www-static.chemicalai.cn/assets/images/wechat01.png_; filename_=utf-8''wechat01.png]
[www-static.chemicalai.cn/assets/images/wechat02.png_; filename_=utf-8''wechat02.png]
[www-static.chemicalai.cn/assets/images/loaction.png_; filename_=utf-8''loaction.png]
[www-static.chemicalai.cn/assets/images/email.png_; filename_=utf-8''email.png]
[chemical.ai/css/style.css]
[chemical.ai/index-2.html]
[chemical.ai/publicity/css/normalize.css]
[chemical.ai/publicity/css/index.css]
[www-static.chemicalai.cn/publicity/images/atom01.png_; filename_=utf-8''atom01.png]
[www-static.chemicalai.cn/publicity/images/arrow01.png_; filename_=utf-8''arrow01.png]
[www-static.chemicalai.cn/publicity/images/arrow02.png_; filename_=utf-8''arrow02.png]
[www-static.chemicalai.cn/publicity/images/circle01.png_; filename_=utf-8''circle01.png]
[www-static.chemicalai.cn/publicity/images/dot.png_; filename_=utf-8''dot.png]
[www-static.chemicalai.cn/publicity/images/atom02.png_; filename_=utf-8''atom02.png]
[www-static.chemicalai.cn/publicity/images/circle02.png_; filename_=utf-8''circle02.png]
[www-static.chemicalai.cn/publicity/images/contact-r.png_; filename_=utf-8''contact-r.png]
[www-static.chemicalai.cn/publicity/images/news2/notice.png_; filename_=utf-8''notice.png]
[www-static.chemicalai.cn/publicity/images/news2/flag1.png_; filename_=utf-8''flag1.png]
[www-static.chemicalai.cn/publicity/images/news2/flag2.png_; filename_=utf-8''flag2.png]
[www-static.chemicalai.cn/publicity/images/news2/flag3.png_; filename_=utf-8''flag3.png]
[www-static.chemicalai.cn/publicity/images/news2/circle.png_; filename_=utf-8''circle.png]
[www-static.chemicalai.cn/publicity/images/news2/dot.png_; filename_=utf-8''dot.png]
[www-static.chemicalai.cn/publicity/images/news2/barGraph1.png_; filename_=utf-8''barGraph1.png]
[www-static.chemicalai.cn/publicity/images/news2/barGraph2.png_; filename_=utf-8''barGraph2.png]
[www-static.chemicalai.cn/publicity/images/news2/barGraph3.png_; filename_=utf-8''barGraph3.png]
[www-static.chemicalai.cn/publicity/images/news2/message.png_; filename_=utf-8''message.png]
[www-static.chemicalai.cn/publicity/images/news3/case1.png_; filename_=utf-8''case1.png]
[www-static.chemicalai.cn/publicity/images/news3/case2.png_; filename_=utf-8''case2.png]
[www-static.chemicalai.cn/publicity/images/news3/case3.png_; filename_=utf-8''case3.png]
[www-static.chemicalai.cn/publicity/images/news4/content.png_; filename_=utf-8''content.png]
[chemical.ai/publicity/js/index.js]
[chemical.ai/publicity/index.html]
[chemical.ai/css/newsDetail.css]
[www-static.chemicalai.cn/assets/images/news07-1.png_; filename_=utf-8''news07-1.png]
[www-static.chemicalai.cn/assets/images/news07-2.png_; filename_=utf-8''news07-2.png]
[www-static.chemicalai.cn/assets/images/news07-3.png_; filename_=utf-8''news07-3.png]
[www-static.chemicalai.cn/assets/images/news11-small.png_; filename_=utf-8''news11-small.png]
[www-static.chemicalai.cn/assets/images/news10-small.png_; filename_=utf-8''news10-small.png]
[www-static.chemicalai.cn/assets/images/news09-small.jpg_; filename_=utf-8''news09-small.jpg]
[www-static.chemicalai.cn/assets/images/news08-small.jpg_; filename_=utf-8''news08-small.jpg]
[www-static.chemicalai.cn/assets/images/news07-small.png_; filename_=utf-8''news07-small.png]
[www-static.chemicalai.cn/assets/images/news06-small.png_; filename_=utf-8''news06-small.png]
[www-static.chemicalai.cn/assets/images/news05-small.png_; filename_=utf-8''news05-small.png]
[www-static.chemicalai.cn/assets/images/news04-small.png_; filename_=utf-8''news04-small.png]
[www-static.chemicalai.cn/assets/images/news03-min.png_; filename_=utf-8''news03-min.png]
[www-static.chemicalai.cn/assets/images/news01-min.png_; filename_=utf-8''news01-min.png]
[www-static.chemicalai.cn/assets/images/news02-min.png_; filename_=utf-8''news02-min.png]
[chemical.ai/news07.html]
[chemical.ai/news11.html]
[www-static.chemicalai.cn/assets/images/news10-01.png_; filename_=utf-8''news10-01.png]
[chemical.ai/assets/images/news11-big.png]
[www-static.chemicalai.cn/assets/images/news10-02.png_; filename_=utf-8''news10-02.png]
[www-static.chemicalai.cn/assets/images/news10-03.png_; filename_=utf-8''news10-03.png]
[www-static.chemicalai.cn/assets/images/news10-04.jpg_; filename_=utf-8''news10-04.jpg]
[www-static.chemicalai.cn/assets/images/news10-05.png_; filename_=utf-8''news10-05.png]
[www-static.chemicalai.cn/assets/images/news10-06.png_; filename_=utf-8''news10-06.png]
[www-static.chemicalai.cn/assets/images/news10-07.png_; filename_=utf-8''news10-07.png]
[www-static.chemicalai.cn/assets/images/news10-08.png_; filename_=utf-8''news10-08.png]
[www-static.chemicalai.cn/assets/images/news10-09.png_; filename_=utf-8''news10-09.png]
[www-static.chemicalai.cn/assets/images/news10-10.png_; filename_=utf-8''news10-10.png]
[chemical.ai/news10.html]
[chemical.ai/news09.html]
[chemical.ai/news08.html]
[www-static.chemicalai.cn/assets/images/AI4.png_; filename_=utf-8''AI4.png]
[www-static.chemicalai.cn/assets/images/AI4qrcode.png_; filename_=utf-8''AI4qrcode.png]
[chemical.ai/news05.html]
[www-static.chemicalai.cn/assets/images/competitionQrcode.png_; filename_=utf-8''competitionQrcode.png]
[chemical.ai/news04.html]
[chemical.ai/news03.html]
[chemical.ai/news01.html]
[chemical.ai/news02.html]
[chemical.ai/QRcode.html]
[chemical.ai/service.html]
[www-static.chemicalai.cn/css/errno-404_; filename_=utf-8''errno-404]
[www-static.chemicalai.cn/assets/images/lab-icon1-hover.png_; filename_=utf-8''lab-icon1-hover.png]
[www-static.chemicalai.cn/assets/images/lab-icon4-hover.png_; filename_=utf-8''lab-icon4-hover.png]
[www-static.chemicalai.cn/assets/images/lab-icon2-hover.png_; filename_=utf-8''lab-icon2-hover.png]
[www-static.chemicalai.cn/assets/images/lab-icon3-hover.png_; filename_=utf-8''lab-icon3-hover.png]
[www-static.chemicalai.cn/assets/images/lab-icon1.png_; filename_=utf-8''lab-icon1.png]
[www-static.chemicalai.cn/assets/images/lab-icon4.png_; filename_=utf-8''lab-icon4.png]
[www-static.chemicalai.cn/assets/images/lab-icon2.png_; filename_=utf-8''lab-icon2.png]
[www-static.chemicalai.cn/assets/images/lab-icon3.png_; filename_=utf-8''lab-icon3.png]
[chemical.ai/css/lab.css]
[chemical.ai/publicity/css/normalize.css]
[www-static.chemicalai.cn/publicity/images/banner.png_; filename_=utf-8''banner.png]
[www-static.chemicalai.cn/publicity/images/contact-l.png_; filename_=utf-8''contact-l.png]
[www-static.chemicalai.cn/publicity/images/footer.png_; filename_=utf-8''footer.png]
[chemical.ai/publicity/css/index.css]
[chemical.ai/css/newsDetail.css]
